// Jest Snapshot v1, https://goo.gl/fbAQLP

exports[`game snapshot renders 1`] = `<game />`;
