// Jest Snapshot v1, https://goo.gl/fbAQLP

exports[`board snapshot renders 1`] = `<board />`;
